// Jest Snapshot v1, https://goo.gl/fbAQLP

exports[`MessageList.spec.js has the expected html structure 1`] = `
<div
  class="message-list"
>
  <ul>
    <li
      class="message-list-ul-li"
    >
      
      Cat
    
    </li>
    <li
      class="message-list-ul-li"
    >
      
      Monkey
    
    </li>
  </ul>
</div>
`;
